25-Nov-2025 15:31:48.760 정보 [main] org.apache.catalina.startup.VersionLoggerListener.log Server version:        Apache Tomcat/8.5.29
25-Nov-2025 15:31:48.763 정보 [main] org.apache.catalina.startup.VersionLoggerListener.log Server built:          Mar 5 2018 13:11:12 UTC
25-Nov-2025 15:31:48.763 정보 [main] org.apache.catalina.startup.VersionLoggerListener.log Server number:         8.5.29.0
25-Nov-2025 15:31:48.763 정보 [main] org.apache.catalina.startup.VersionLoggerListener.log OS Name:               Windows 11
25-Nov-2025 15:31:48.763 정보 [main] org.apache.catalina.startup.VersionLoggerListener.log OS Version:            10.0
25-Nov-2025 15:31:48.763 정보 [main] org.apache.catalina.startup.VersionLoggerListener.log Architecture:          amd64
25-Nov-2025 15:31:48.763 정보 [main] org.apache.catalina.startup.VersionLoggerListener.log Java Home:             D:\SUNIN_ERP\jdk-1.8\jre
25-Nov-2025 15:31:48.763 정보 [main] org.apache.catalina.startup.VersionLoggerListener.log JVM Version:           1.8.0_381-b09
25-Nov-2025 15:31:48.763 정보 [main] org.apache.catalina.startup.VersionLoggerListener.log JVM Vendor:            Oracle Corporation
25-Nov-2025 15:31:48.763 정보 [main] org.apache.catalina.startup.VersionLoggerListener.log CATALINA_BASE:         D:\PDA\apache-tomcat-8.5.29\apache-tomcat-8.5.29
25-Nov-2025 15:31:48.764 정보 [main] org.apache.catalina.startup.VersionLoggerListener.log CATALINA_HOME:         D:\PDA\apache-tomcat-8.5.29\apache-tomcat-8.5.29
25-Nov-2025 15:31:48.764 정보 [main] org.apache.catalina.startup.VersionLoggerListener.log Command line argument: -Djava.util.logging.config.file=D:\PDA\apache-tomcat-8.5.29\apache-tomcat-8.5.29\conf\logging.properties
25-Nov-2025 15:31:48.764 정보 [main] org.apache.catalina.startup.VersionLoggerListener.log Command line argument: -Djava.util.logging.manager=org.apache.juli.ClassLoaderLogManager
25-Nov-2025 15:31:48.764 정보 [main] org.apache.catalina.startup.VersionLoggerListener.log Command line argument: -Djdk.tls.ephemeralDHKeySize=2048
25-Nov-2025 15:31:48.764 정보 [main] org.apache.catalina.startup.VersionLoggerListener.log Command line argument: -Djava.protocol.handler.pkgs=org.apache.catalina.webresources
25-Nov-2025 15:31:48.764 정보 [main] org.apache.catalina.startup.VersionLoggerListener.log Command line argument: -Dignore.endorsed.dirs=
25-Nov-2025 15:31:48.764 정보 [main] org.apache.catalina.startup.VersionLoggerListener.log Command line argument: -Dcatalina.base=D:\PDA\apache-tomcat-8.5.29\apache-tomcat-8.5.29
25-Nov-2025 15:31:48.764 정보 [main] org.apache.catalina.startup.VersionLoggerListener.log Command line argument: -Dcatalina.home=D:\PDA\apache-tomcat-8.5.29\apache-tomcat-8.5.29
25-Nov-2025 15:31:48.764 정보 [main] org.apache.catalina.startup.VersionLoggerListener.log Command line argument: -Djava.io.tmpdir=D:\PDA\apache-tomcat-8.5.29\apache-tomcat-8.5.29\temp
25-Nov-2025 15:31:48.764 정보 [main] org.apache.catalina.core.AprLifecycleListener.lifecycleEvent The APR based Apache Tomcat Native library which allows optimal performance in production environments was not found on the java.library.path: [D:\SUNIN_ERP\jdk-1.8\bin;C:\WINDOWS\Sun\Java\bin;C:\WINDOWS\system32;C:\WINDOWS;C:\app\user\product\11.2.0\dbhome_1\bin;C:\WINDOWS\system32;C:\WINDOWS;C:\WINDOWS\System32\Wbem;C:\WINDOWS\System32\WindowsPowerShell\v1.0\;C:\WINDOWS\System32\OpenSSH\;C:\Program Files\Bandizip\;C:\Program Files\TortoiseSVN\bin;D:\SUNIN_ERP\jdk-1.8\bin;C:\Program Files (x86)\Microsoft SQL Server\160\DTS\Binn\;C:\Program Files\PuTTY\;C:\Program Files\Git\cmd;C:\Program Files\nodejs\;C:\Users\user\AppData\Local\Microsoft\WindowsApps;C:\Program Files\Azure Data Studio\bin;C:\Users\user\AppData\Local\Programs\Microsoft VS Code\bin;C:\Users\user\AppData\Roaming\npm;.]
25-Nov-2025 15:31:48.869 정보 [main] org.apache.coyote.AbstractProtocol.init Initializing ProtocolHandler ["http-nio-4040"]
25-Nov-2025 15:31:49.377 정보 [main] org.apache.tomcat.util.net.NioSelectorPool.getSharedSelector Using a shared selector for servlet write/read
25-Nov-2025 15:31:49.387 정보 [main] org.apache.coyote.AbstractProtocol.init Initializing ProtocolHandler ["ajp-nio-58010"]
25-Nov-2025 15:31:49.390 정보 [main] org.apache.tomcat.util.net.NioSelectorPool.getSharedSelector Using a shared selector for servlet write/read
25-Nov-2025 15:31:49.390 정보 [main] org.apache.catalina.startup.Catalina.load Initialization processed in 849 ms
25-Nov-2025 15:31:49.434 정보 [main] org.apache.catalina.core.StandardService.startInternal Starting service [Catalina]
25-Nov-2025 15:31:49.434 정보 [main] org.apache.catalina.core.StandardEngine.startInternal Starting Servlet Engine: Apache Tomcat/8.5.29
25-Nov-2025 15:31:49.439 정보 [localhost-startStop-1] org.apache.catalina.startup.HostConfig.deployDirectory Deploying web application directory [D:\PDA\apache-tomcat-8.5.29\apache-tomcat-8.5.29\webapps\docs]
25-Nov-2025 15:31:49.594 정보 [localhost-startStop-1] org.apache.catalina.startup.HostConfig.deployDirectory Deployment of web application directory [D:\PDA\apache-tomcat-8.5.29\apache-tomcat-8.5.29\webapps\docs] has finished in [155] ms
25-Nov-2025 15:31:49.594 정보 [localhost-startStop-1] org.apache.catalina.startup.HostConfig.deployDirectory Deploying web application directory [D:\PDA\apache-tomcat-8.5.29\apache-tomcat-8.5.29\webapps\examples]
25-Nov-2025 15:31:49.790 정보 [localhost-startStop-1] org.apache.catalina.startup.HostConfig.deployDirectory Deployment of web application directory [D:\PDA\apache-tomcat-8.5.29\apache-tomcat-8.5.29\webapps\examples] has finished in [194] ms
25-Nov-2025 15:31:49.790 정보 [localhost-startStop-1] org.apache.catalina.startup.HostConfig.deployDirectory Deploying web application directory [D:\PDA\apache-tomcat-8.5.29\apache-tomcat-8.5.29\webapps\host-manager]
25-Nov-2025 15:31:49.816 정보 [localhost-startStop-1] org.apache.catalina.startup.HostConfig.deployDirectory Deployment of web application directory [D:\PDA\apache-tomcat-8.5.29\apache-tomcat-8.5.29\webapps\host-manager] has finished in [26] ms
25-Nov-2025 15:31:49.816 정보 [localhost-startStop-1] org.apache.catalina.startup.HostConfig.deployDirectory Deploying web application directory [D:\PDA\apache-tomcat-8.5.29\apache-tomcat-8.5.29\webapps\manager]
25-Nov-2025 15:31:49.832 정보 [localhost-startStop-1] org.apache.catalina.startup.HostConfig.deployDirectory Deployment of web application directory [D:\PDA\apache-tomcat-8.5.29\apache-tomcat-8.5.29\webapps\manager] has finished in [16] ms
25-Nov-2025 15:31:49.832 정보 [localhost-startStop-1] org.apache.catalina.startup.HostConfig.deployDirectory Deploying web application directory [D:\PDA\apache-tomcat-8.5.29\apache-tomcat-8.5.29\webapps\ROOT]
25-Nov-2025 15:31:49.845 정보 [localhost-startStop-1] org.apache.catalina.startup.HostConfig.deployDirectory Deployment of web application directory [D:\PDA\apache-tomcat-8.5.29\apache-tomcat-8.5.29\webapps\ROOT] has finished in [13] ms
25-Nov-2025 15:31:49.846 정보 [main] org.apache.coyote.AbstractProtocol.start Starting ProtocolHandler ["http-nio-4040"]
25-Nov-2025 15:31:49.852 정보 [main] org.apache.coyote.AbstractProtocol.start Starting ProtocolHandler ["ajp-nio-58010"]
25-Nov-2025 15:31:49.855 정보 [main] org.apache.catalina.startup.Catalina.start Server startup in 464 ms
25-Nov-2025 15:33:42.354 정보 [main] org.apache.catalina.core.StandardServer.await A valid shutdown command was received via the shutdown port. Stopping the Server instance.
25-Nov-2025 15:33:42.354 정보 [main] org.apache.coyote.AbstractProtocol.pause Pausing ProtocolHandler ["http-nio-4040"]
25-Nov-2025 15:33:42.894 정보 [main] org.apache.coyote.AbstractProtocol.pause Pausing ProtocolHandler ["ajp-nio-58010"]
25-Nov-2025 15:33:43.428 정보 [main] org.apache.catalina.core.StandardService.stopInternal Stopping service [Catalina]
25-Nov-2025 15:33:43.440 정보 [main] org.apache.coyote.AbstractProtocol.stop Stopping ProtocolHandler ["http-nio-4040"]
25-Nov-2025 15:33:43.441 정보 [main] org.apache.coyote.AbstractProtocol.stop Stopping ProtocolHandler ["ajp-nio-58010"]
25-Nov-2025 15:33:43.445 정보 [main] org.apache.coyote.AbstractProtocol.destroy Destroying ProtocolHandler ["http-nio-4040"]
25-Nov-2025 15:33:43.446 정보 [main] org.apache.coyote.AbstractProtocol.destroy Destroying ProtocolHandler ["ajp-nio-58010"]
