25-Nov-2025 15:31:49.782 Á¤º¸ [localhost-startStop-1] org.apache.catalina.core.ApplicationContext.log ContextListener: contextInitialized()
25-Nov-2025 15:31:49.782 Á¤º¸ [localhost-startStop-1] org.apache.catalina.core.ApplicationContext.log SessionListener: contextInitialized()
25-Nov-2025 15:31:49.783 Á¤º¸ [localhost-startStop-1] org.apache.catalina.core.ApplicationContext.log ContextListener: attributeAdded('StockTicker', 'async.Stockticker@c5fdf60')
25-Nov-2025 15:32:18.254 ½É°¢ [http-nio-4040-exec-9] org.apache.catalina.core.StandardWrapperValve.invoke Servlet.service() for servlet [jsp] in context with path [] threw exception [Unable to compile class for JSP: 

An error occurred at line: [16] in the generated java file: [D:\PDA\apache-tomcat-8.5.29\apache-tomcat-8.5.29\work\Catalina\localhost\ROOT\org\apache\jsp\inno\test_jsp.java]
Only a type can be imported. org.apache.log4j.Logger resolves to a package

An error occurred at line: [7] in the jsp file: [/inno/test.jsp]
Logger cannot be resolved to a type
4: <%@ page import="org.apache.log4j.Logger"%>
5: <%@ page import="java.sql.*" %>
6: <%!
7:  static Logger logger = Logger.getLogger("write.jsp"); //log4jë¥? ?œ„?•´ 
8: %>
9: <%
10: boolean connection = false;


An error occurred at line: [7] in the jsp file: [/inno/test.jsp]
Logger cannot be resolved
4: <%@ page import="org.apache.log4j.Logger"%>
5: <%@ page import="java.sql.*" %>
6: <%!
7:  static Logger logger = Logger.getLogger("write.jsp"); //log4jë¥? ?œ„?•´ 
8: %>
9: <%
10: boolean connection = false;


An error occurred at line: [18] in the jsp file: [/inno/test.jsp]
logger cannot be resolved
15: request.setCharacterEncoding("UTF-8");
16: 
17: String qry_where = request.getParameter("data");
18: logger.info("This is test.");
19: System.out.println("==================================");
20: System.out.println("=========search_shipment==========");
21: System.out.println("==================================");


An error occurred at line: [116] in the jsp file: [/inno/test.jsp]
logger cannot be resolved
113:   ResultSet rs = stmt.executeQuery(quertystring);
114:   
115:   System.out.println(quertystring);
116:   logger.info("This is quertystring. :" + quertystring);
117:   
118:   ResultSetMetaData rsmd = rs.getMetaData();
119: 	int columnCnt = rsmd.getColumnCount(); //ì»¬ëŸ¼????


Stacktrace:] with root cause
 org.apache.jasper.JasperException: Unable to compile class for JSP: 

An error occurred at line: [16] in the generated java file: [D:\PDA\apache-tomcat-8.5.29\apache-tomcat-8.5.29\work\Catalina\localhost\ROOT\org\apache\jsp\inno\test_jsp.java]
Only a type can be imported. org.apache.log4j.Logger resolves to a package

An error occurred at line: [7] in the jsp file: [/inno/test.jsp]
Logger cannot be resolved to a type
4: <%@ page import="org.apache.log4j.Logger"%>
5: <%@ page import="java.sql.*" %>
6: <%!
7:  static Logger logger = Logger.getLogger("write.jsp"); //log4jë¥? ?œ„?•´ 
8: %>
9: <%
10: boolean connection = false;


An error occurred at line: [7] in the jsp file: [/inno/test.jsp]
Logger cannot be resolved
4: <%@ page import="org.apache.log4j.Logger"%>
5: <%@ page import="java.sql.*" %>
6: <%!
7:  static Logger logger = Logger.getLogger("write.jsp"); //log4jë¥? ?œ„?•´ 
8: %>
9: <%
10: boolean connection = false;


An error occurred at line: [18] in the jsp file: [/inno/test.jsp]
logger cannot be resolved
15: request.setCharacterEncoding("UTF-8");
16: 
17: String qry_where = request.getParameter("data");
18: logger.info("This is test.");
19: System.out.println("==================================");
20: System.out.println("=========search_shipment==========");
21: System.out.println("==================================");


An error occurred at line: [116] in the jsp file: [/inno/test.jsp]
logger cannot be resolved
113:   ResultSet rs = stmt.executeQuery(quertystring);
114:   
115:   System.out.println(quertystring);
116:   logger.info("This is quertystring. :" + quertystring);
117:   
118:   ResultSetMetaData rsmd = rs.getMetaData();
119: 	int columnCnt = rsmd.getColumnCount(); //ì»¬ëŸ¼????


Stacktrace:
	at org.apache.jasper.compiler.DefaultErrorHandler.javacError(DefaultErrorHandler.java:102)
	at org.apache.jasper.compiler.ErrorDispatcher.javacError(ErrorDispatcher.java:212)
	at org.apache.jasper.compiler.JDTCompiler.generateClass(JDTCompiler.java:457)
	at org.apache.jasper.compiler.Compiler.compile(Compiler.java:379)
	at org.apache.jasper.compiler.Compiler.compile(Compiler.java:351)
	at org.apache.jasper.compiler.Compiler.compile(Compiler.java:335)
	at org.apache.jasper.JspCompilationContext.compile(JspCompilationContext.java:595)
	at org.apache.jasper.servlet.JspServletWrapper.service(JspServletWrapper.java:368)
	at org.apache.jasper.servlet.JspServlet.serviceJspFile(JspServlet.java:386)
	at org.apache.jasper.servlet.JspServlet.service(JspServlet.java:330)
	at javax.servlet.http.HttpServlet.service(HttpServlet.java:742)
	at org.apache.catalina.core.ApplicationFilterChain.internalDoFilter(ApplicationFilterChain.java:231)
	at org.apache.catalina.core.ApplicationFilterChain.doFilter(ApplicationFilterChain.java:166)
	at org.apache.tomcat.websocket.server.WsFilter.doFilter(WsFilter.java:52)
	at org.apache.catalina.core.ApplicationFilterChain.internalDoFilter(ApplicationFilterChain.java:193)
	at org.apache.catalina.core.ApplicationFilterChain.doFilter(ApplicationFilterChain.java:166)
	at org.apache.catalina.filters.SetCharacterEncodingFilter.doFilter(SetCharacterEncodingFilter.java:108)
	at org.apache.catalina.core.ApplicationFilterChain.internalDoFilter(ApplicationFilterChain.java:193)
	at org.apache.catalina.core.ApplicationFilterChain.doFilter(ApplicationFilterChain.java:166)
	at org.apache.catalina.core.StandardWrapperValve.invoke(StandardWrapperValve.java:198)
	at org.apache.catalina.core.StandardContextValve.invoke(StandardContextValve.java:96)
	at org.apache.catalina.authenticator.AuthenticatorBase.invoke(AuthenticatorBase.java:496)
	at org.apache.catalina.core.StandardHostValve.invoke(StandardHostValve.java:140)
	at org.apache.catalina.valves.ErrorReportValve.invoke(ErrorReportValve.java:81)
	at org.apache.catalina.valves.AbstractAccessLogValve.invoke(AbstractAccessLogValve.java:650)
	at org.apache.catalina.core.StandardEngineValve.invoke(StandardEngineValve.java:87)
	at org.apache.catalina.connector.CoyoteAdapter.service(CoyoteAdapter.java:342)
	at org.apache.coyote.http11.Http11Processor.service(Http11Processor.java:803)
	at org.apache.coyote.AbstractProcessorLight.process(AbstractProcessorLight.java:66)
	at org.apache.coyote.AbstractProtocol$ConnectionHandler.process(AbstractProtocol.java:790)
	at org.apache.tomcat.util.net.NioEndpoint$SocketProcessor.doRun(NioEndpoint.java:1459)
	at org.apache.tomcat.util.net.SocketProcessorBase.run(SocketProcessorBase.java:49)
	at java.util.concurrent.ThreadPoolExecutor.runWorker(ThreadPoolExecutor.java:1149)
	at java.util.concurrent.ThreadPoolExecutor$Worker.run(ThreadPoolExecutor.java:624)
	at org.apache.tomcat.util.threads.TaskThread$WrappingRunnable.run(TaskThread.java:61)
	at java.lang.Thread.run(Thread.java:750)

25-Nov-2025 15:33:25.552 ½É°¢ [http-nio-4040-exec-4] org.apache.catalina.core.StandardWrapperValve.invoke Servlet.service() for servlet [jsp] in context with path [] threw exception [An exception occurred processing JSP page [/inno/manager_login.jsp] at line [33]

30: 	System.out.println("id=" + id + "   pwd " + pwd);
31: 
32: 	//SQL
33: 	Statement stmt = conn.createStatement();
34: 	ResultSet rs = stmt.executeQuery("SELECT USER_TYPE from S_USER WHERE USER_ID = '" + id + "' AND USER_PASSWORD_ORIGIN = '" + pwd + "'");
35: //  ResultSet rs = stmt.executeQuery("SELECT USER_TYPE from S_USER WHERE USER_ID = 'Admin' AND USER_PASSWORD_ORIGIN = 'MzcwMA=='");
36: 	ResultSetMetaData rsmd = rs.getMetaData();


Stacktrace:] with root cause
 java.lang.NullPointerException
	at org.apache.jsp.inno.manager_005flogin_jsp._jspService(manager_005flogin_jsp.java:145)
	at org.apache.jasper.runtime.HttpJspBase.service(HttpJspBase.java:70)
	at javax.servlet.http.HttpServlet.service(HttpServlet.java:742)
	at org.apache.jasper.servlet.JspServletWrapper.service(JspServletWrapper.java:443)
	at org.apache.jasper.servlet.JspServlet.serviceJspFile(JspServlet.java:386)
	at org.apache.jasper.servlet.JspServlet.service(JspServlet.java:330)
	at javax.servlet.http.HttpServlet.service(HttpServlet.java:742)
	at org.apache.catalina.core.ApplicationFilterChain.internalDoFilter(ApplicationFilterChain.java:231)
	at org.apache.catalina.core.ApplicationFilterChain.doFilter(ApplicationFilterChain.java:166)
	at org.apache.tomcat.websocket.server.WsFilter.doFilter(WsFilter.java:52)
	at org.apache.catalina.core.ApplicationFilterChain.internalDoFilter(ApplicationFilterChain.java:193)
	at org.apache.catalina.core.ApplicationFilterChain.doFilter(ApplicationFilterChain.java:166)
	at org.apache.catalina.filters.SetCharacterEncodingFilter.doFilter(SetCharacterEncodingFilter.java:108)
	at org.apache.catalina.core.ApplicationFilterChain.internalDoFilter(ApplicationFilterChain.java:193)
	at org.apache.catalina.core.ApplicationFilterChain.doFilter(ApplicationFilterChain.java:166)
	at org.apache.catalina.core.StandardWrapperValve.invoke(StandardWrapperValve.java:198)
	at org.apache.catalina.core.StandardContextValve.invoke(StandardContextValve.java:96)
	at org.apache.catalina.authenticator.AuthenticatorBase.invoke(AuthenticatorBase.java:496)
	at org.apache.catalina.core.StandardHostValve.invoke(StandardHostValve.java:140)
	at org.apache.catalina.valves.ErrorReportValve.invoke(ErrorReportValve.java:81)
	at org.apache.catalina.valves.AbstractAccessLogValve.invoke(AbstractAccessLogValve.java:650)
	at org.apache.catalina.core.StandardEngineValve.invoke(StandardEngineValve.java:87)
	at org.apache.catalina.connector.CoyoteAdapter.service(CoyoteAdapter.java:342)
	at org.apache.coyote.http11.Http11Processor.service(Http11Processor.java:803)
	at org.apache.coyote.AbstractProcessorLight.process(AbstractProcessorLight.java:66)
	at org.apache.coyote.AbstractProtocol$ConnectionHandler.process(AbstractProtocol.java:790)
	at org.apache.tomcat.util.net.NioEndpoint$SocketProcessor.doRun(NioEndpoint.java:1459)
	at org.apache.tomcat.util.net.SocketProcessorBase.run(SocketProcessorBase.java:49)
	at java.util.concurrent.ThreadPoolExecutor.runWorker(ThreadPoolExecutor.java:1149)
	at java.util.concurrent.ThreadPoolExecutor$Worker.run(ThreadPoolExecutor.java:624)
	at org.apache.tomcat.util.threads.TaskThread$WrappingRunnable.run(TaskThread.java:61)
	at java.lang.Thread.run(Thread.java:750)

25-Nov-2025 15:33:43.435 Á¤º¸ [localhost-startStop-2] org.apache.catalina.core.ApplicationContext.log SessionListener: contextDestroyed()
25-Nov-2025 15:33:43.435 Á¤º¸ [localhost-startStop-2] org.apache.catalina.core.ApplicationContext.log ContextListener: contextDestroyed()
